  Determining projects to restore...
  All projects are up-to-date for restore.
  Synaxis.Core -> /home/rrj/src/github/rudironsoni/Synaxis/src/Synaxis.Core/bin/Debug/net10.0/Synaxis.Core.dll
  Synaxis.InferenceGateway.Application -> /home/rrj/src/github/rudironsoni/Synaxis/src/InferenceGateway/Application/bin/Debug/net10.0/Synaxis.InferenceGateway.Application.dll
  Synaxis.Abstractions -> /home/rrj/src/github/rudironsoni/Synaxis/src/Synaxis.Abstractions/bin/Debug/netstandard2.1/Synaxis.Abstractions.dll
  Synaxis.Infrastructure -> /home/rrj/src/github/rudironsoni/Synaxis/src/Synaxis.Infrastructure/bin/Debug/net10.0/Synaxis.Infrastructure.dll
/home/rrj/src/github/rudironsoni/Synaxis/src/Synaxis.StampController/CRDs/StampResource.cs(278,19): error CS0246: The type or namespace name 'CustomResourceDefinition' could not be found (are you missing a using directive or an assembly reference?) [/home/rrj/src/github/rudironsoni/Synaxis/src/Synaxis.StampController/Synaxis.StampController.csproj]
CSC : error SA0001: XML comment analysis is disabled due to project configuration (https://github.com/DotNetAnalyzers/StyleCopAnalyzers/blob/master/documentation/SA0001.md) [/home/rrj/src/github/rudironsoni/Synaxis/src/Synaxis.Server/Synaxis.Server.csproj]
  Synaxis.InferenceGateway.Infrastructure -> /home/rrj/src/github/rudironsoni/Synaxis/src/InferenceGateway/Infrastructure/bin/Debug/net10.0/Synaxis.InferenceGateway.Infrastructure.dll
/home/rrj/src/github/rudironsoni/Synaxis/src/Synaxis.Api/Health/Layers/InfrastructureHealthCheck.cs(38,51): error CS1061: 'double' does not contain a definition for 'UsagePercent' and no accessible extension method 'UsagePercent' accepting a first argument of type 'double' could be found (are you missing a using directive or an assembly reference?) [/home/rrj/src/github/rudironsoni/Synaxis/src/Synaxis.Api/Synaxis.Api.csproj]
/home/rrj/src/github/rudironsoni/Synaxis/src/Synaxis.Api/Health/Layers/InfrastructureHealthCheck.cs(39,26): error CS1061: 'double' does not contain a definition for 'UsagePercent' and no accessible extension method 'UsagePercent' accepting a first argument of type 'double' could be found (are you missing a using directive or an assembly reference?) [/home/rrj/src/github/rudironsoni/Synaxis/src/Synaxis.Api/Synaxis.Api.csproj]
/home/rrj/src/github/rudironsoni/Synaxis/src/Synaxis.Api/Health/Layers/InfrastructureHealthCheck.cs(41,61): error CS1061: 'double' does not contain a definition for 'UsagePercent' and no accessible extension method 'UsagePercent' accepting a first argument of type 'double' could be found (are you missing a using directive or an assembly reference?) [/home/rrj/src/github/rudironsoni/Synaxis/src/Synaxis.Api/Synaxis.Api.csproj]
/home/rrj/src/github/rudironsoni/Synaxis/src/Synaxis.Api/Health/Layers/InfrastructureHealthCheck.cs(46,55): error CS1061: 'double' does not contain a definition for 'UsagePercent' and no accessible extension method 'UsagePercent' accepting a first argument of type 'double' could be found (are you missing a using directive or an assembly reference?) [/home/rrj/src/github/rudironsoni/Synaxis/src/Synaxis.Api/Synaxis.Api.csproj]
/home/rrj/src/github/rudironsoni/Synaxis/src/Synaxis.Api/Health/Layers/InfrastructureHealthCheck.cs(47,28): error CS1061: 'double' does not contain a definition for 'UsagePercent' and no accessible extension method 'UsagePercent' accepting a first argument of type 'double' could be found (are you missing a using directive or an assembly reference?) [/home/rrj/src/github/rudironsoni/Synaxis/src/Synaxis.Api/Synaxis.Api.csproj]
/home/rrj/src/github/rudironsoni/Synaxis/src/Synaxis.Api/Health/Layers/InfrastructureHealthCheck.cs(49,65): error CS1061: 'double' does not contain a definition for 'UsagePercent' and no accessible extension method 'UsagePercent' accepting a first argument of type 'double' could be found (are you missing a using directive or an assembly reference?) [/home/rrj/src/github/rudironsoni/Synaxis/src/Synaxis.Api/Synaxis.Api.csproj]
/home/rrj/src/github/rudironsoni/Synaxis/src/Synaxis.Api/Health/Layers/InfrastructureHealthCheck.cs(54,49): error CS1061: 'double' does not contain a definition for 'UsagePercent' and no accessible extension method 'UsagePercent' accepting a first argument of type 'double' could be found (are you missing a using directive or an assembly reference?) [/home/rrj/src/github/rudironsoni/Synaxis/src/Synaxis.Api/Synaxis.Api.csproj]
/home/rrj/src/github/rudironsoni/Synaxis/src/Synaxis.Api/Health/Layers/InfrastructureHealthCheck.cs(55,25): error CS1061: 'double' does not contain a definition for 'UsagePercent' and no accessible extension method 'UsagePercent' accepting a first argument of type 'double' could be found (are you missing a using directive or an assembly reference?) [/home/rrj/src/github/rudironsoni/Synaxis/src/Synaxis.Api/Synaxis.Api.csproj]
/home/rrj/src/github/rudironsoni/Synaxis/src/Synaxis.Api/Health/Layers/InfrastructureHealthCheck.cs(57,59): error CS1061: 'double' does not contain a definition for 'UsagePercent' and no accessible extension method 'UsagePercent' accepting a first argument of type 'double' could be found (are you missing a using directive or an assembly reference?) [/home/rrj/src/github/rudironsoni/Synaxis/src/Synaxis.Api/Synaxis.Api.csproj]
/home/rrj/src/github/rudironsoni/Synaxis/src/Synaxis.Api/Health/HealthCheckExtensions.cs(39,21): error CS1061: 'IHealthChecksBuilder' does not contain a definition for 'AddAzureServiceBusTopicHealthCheck' and no accessible extension method 'AddAzureServiceBusTopicHealthCheck' accepting a first argument of type 'IHealthChecksBuilder' could be found (are you missing a using directive or an assembly reference?) [/home/rrj/src/github/rudironsoni/Synaxis/src/Synaxis.Api/Synaxis.Api.csproj]
/home/rrj/src/github/rudironsoni/Synaxis/src/Synaxis.Api/Health/Layers/InfrastructureHealthCheck.cs(138,27): error CS0103: The name 'Process' does not exist in the current context [/home/rrj/src/github/rudironsoni/Synaxis/src/Synaxis.Api/Synaxis.Api.csproj]
/home/rrj/src/github/rudironsoni/Synaxis/src/Synaxis.Api/Health/HealthCheckExtensions.cs(1,1): error SA1200: Using directive should appear within a namespace declaration (https://github.com/DotNetAnalyzers/StyleCopAnalyzers/blob/master/documentation/SA1200.md) [/home/rrj/src/github/rudironsoni/Synaxis/src/Synaxis.Api/Synaxis.Api.csproj]
/home/rrj/src/github/rudironsoni/Synaxis/src/Synaxis.Api/Health/HealthCheckExtensions.cs(2,1): error SA1200: Using directive should appear within a namespace declaration (https://github.com/DotNetAnalyzers/StyleCopAnalyzers/blob/master/documentation/SA1200.md) [/home/rrj/src/github/rudironsoni/Synaxis/src/Synaxis.Api/Synaxis.Api.csproj]
/home/rrj/src/github/rudironsoni/Synaxis/src/Synaxis.Api/Health/Layers/ApplicationHealthCheck.cs(1,1): error SA1200: Using directive should appear within a namespace declaration (https://github.com/DotNetAnalyzers/StyleCopAnalyzers/blob/master/documentation/SA1200.md) [/home/rrj/src/github/rudironsoni/Synaxis/src/Synaxis.Api/Synaxis.Api.csproj]
/home/rrj/src/github/rudironsoni/Synaxis/src/Synaxis.Api/Health/Layers/ApplicationHealthCheck.cs(2,1): error SA1200: Using directive should appear within a namespace declaration (https://github.com/DotNetAnalyzers/StyleCopAnalyzers/blob/master/documentation/SA1200.md) [/home/rrj/src/github/rudironsoni/Synaxis/src/Synaxis.Api/Synaxis.Api.csproj]
/home/rrj/src/github/rudironsoni/Synaxis/src/Synaxis.Api/Health/Layers/ApplicationHealthCheck.cs(2,1): error SA1208: Using directive for 'System.Diagnostics' should appear before directive for 'Microsoft.Extensions.Diagnostics.HealthChecks' (https://github.com/DotNetAnalyzers/StyleCopAnalyzers/blob/master/documentation/SA1208.md) [/home/rrj/src/github/rudironsoni/Synaxis/src/Synaxis.Api/Synaxis.Api.csproj]
/home/rrj/src/github/rudironsoni/Synaxis/src/Synaxis.Api/Health/Layers/BusinessHealthCheck.cs(1,1): error SA1200: Using directive should appear within a namespace declaration (https://github.com/DotNetAnalyzers/StyleCopAnalyzers/blob/master/documentation/SA1200.md) [/home/rrj/src/github/rudironsoni/Synaxis/src/Synaxis.Api/Synaxis.Api.csproj]
/home/rrj/src/github/rudironsoni/Synaxis/src/Synaxis.Api/Health/Layers/InfrastructureHealthCheck.cs(1,1): error SA1200: Using directive should appear within a namespace declaration (https://github.com/DotNetAnalyzers/StyleCopAnalyzers/blob/master/documentation/SA1200.md) [/home/rrj/src/github/rudironsoni/Synaxis/src/Synaxis.Api/Synaxis.Api.csproj]
/home/rrj/src/github/rudironsoni/Synaxis/src/Synaxis.Api/Health/Layers/InfrastructureHealthCheck.cs(2,1): error SA1200: Using directive should appear within a namespace declaration (https://github.com/DotNetAnalyzers/StyleCopAnalyzers/blob/master/documentation/SA1200.md) [/home/rrj/src/github/rudironsoni/Synaxis/src/Synaxis.Api/Synaxis.Api.csproj]
/home/rrj/src/github/rudironsoni/Synaxis/src/Synaxis.Api/Health/HealthCheckExtensions.cs(1,1): error SA1633: The file header is missing or not located at the top of the file. (https://github.com/DotNetAnalyzers/StyleCopAnalyzers/blob/master/documentation/SA1633.md) [/home/rrj/src/github/rudironsoni/Synaxis/src/Synaxis.Api/Synaxis.Api.csproj]
/home/rrj/src/github/rudironsoni/Synaxis/src/Synaxis.Api/Health/Layers/ApplicationHealthCheck.cs(1,1): error SA1633: The file header is missing or not located at the top of the file. (https://github.com/DotNetAnalyzers/StyleCopAnalyzers/blob/master/documentation/SA1633.md) [/home/rrj/src/github/rudironsoni/Synaxis/src/Synaxis.Api/Synaxis.Api.csproj]
/home/rrj/src/github/rudironsoni/Synaxis/src/Synaxis.Api/Health/Layers/ApplicationHealthCheck.cs(143,9): error SA1009: Closing parenthesis should not be preceded by a space (https://github.com/DotNetAnalyzers/StyleCopAnalyzers/blob/master/documentation/SA1009.md) [/home/rrj/src/github/rudironsoni/Synaxis/src/Synaxis.Api/Synaxis.Api.csproj]
/home/rrj/src/github/rudironsoni/Synaxis/src/Synaxis.Api/Health/Layers/BusinessHealthCheck.cs(1,1): error SA1633: The file header is missing or not located at the top of the file. (https://github.com/DotNetAnalyzers/StyleCopAnalyzers/blob/master/documentation/SA1633.md) [/home/rrj/src/github/rudironsoni/Synaxis/src/Synaxis.Api/Synaxis.Api.csproj]
/home/rrj/src/github/rudironsoni/Synaxis/src/Synaxis.Api/Health/Layers/BusinessHealthCheck.cs(118,14): error SA1402: File may only contain a single type (https://github.com/DotNetAnalyzers/StyleCopAnalyzers/blob/master/documentation/SA1402.md) [/home/rrj/src/github/rudironsoni/Synaxis/src/Synaxis.Api/Synaxis.Api.csproj]
/home/rrj/src/github/rudironsoni/Synaxis/src/Synaxis.Api/Health/Layers/BusinessHealthCheck.cs(199,15): error SA1402: File may only contain a single type (https://github.com/DotNetAnalyzers/StyleCopAnalyzers/blob/master/documentation/SA1402.md) [/home/rrj/src/github/rudironsoni/Synaxis/src/Synaxis.Api/Synaxis.Api.csproj]
/home/rrj/src/github/rudironsoni/Synaxis/src/Synaxis.Api/Health/Layers/InfrastructureHealthCheck.cs(1,1): error SA1633: The file header is missing or not located at the top of the file. (https://github.com/DotNetAnalyzers/StyleCopAnalyzers/blob/master/documentation/SA1633.md) [/home/rrj/src/github/rudironsoni/Synaxis/src/Synaxis.Api/Synaxis.Api.csproj]
/home/rrj/src/github/rudironsoni/Synaxis/src/Synaxis.Api/Health/Layers/ApplicationHealthCheck.cs(18,39): error S4487: Remove this unread private field '_serviceProvider' or refactor the code to use its value. (https://rules.sonarsource.com/csharp/RSPEC-4487) [/home/rrj/src/github/rudironsoni/Synaxis/src/Synaxis.Api/Synaxis.Api.csproj]
/home/rrj/src/github/rudironsoni/Synaxis/src/Synaxis.Api/Health/Layers/BusinessHealthCheck.cs(118,14): error MA0048: File name must match type name (class BusinessMetrics) (https://github.com/meziantou/Meziantou.Analyzer/blob/main/docs/Rules/MA0048.md) [/home/rrj/src/github/rudironsoni/Synaxis/src/Synaxis.Api/Synaxis.Api.csproj]
/home/rrj/src/github/rudironsoni/Synaxis/src/Synaxis.Api/Health/Layers/BusinessHealthCheck.cs(199,15): error MA0048: File name must match type name (record BusinessMetricsSnapshot) (https://github.com/meziantou/Meziantou.Analyzer/blob/main/docs/Rules/MA0048.md) [/home/rrj/src/github/rudironsoni/Synaxis/src/Synaxis.Api/Synaxis.Api.csproj]
/home/rrj/src/github/rudironsoni/Synaxis/src/Synaxis.Api/Health/Layers/BusinessHealthCheck.cs(202,1): error SA1516: Elements should be separated by blank line (https://github.com/DotNetAnalyzers/StyleCopAnalyzers/blob/master/documentation/SA1516.md) [/home/rrj/src/github/rudironsoni/Synaxis/src/Synaxis.Api/Synaxis.Api.csproj]
/home/rrj/src/github/rudironsoni/Synaxis/src/Synaxis.Api/Health/Layers/BusinessHealthCheck.cs(203,1): error SA1516: Elements should be separated by blank line (https://github.com/DotNetAnalyzers/StyleCopAnalyzers/blob/master/documentation/SA1516.md) [/home/rrj/src/github/rudironsoni/Synaxis/src/Synaxis.Api/Synaxis.Api.csproj]
/home/rrj/src/github/rudironsoni/Synaxis/src/Synaxis.Api/Health/Layers/BusinessHealthCheck.cs(204,1): error SA1516: Elements should be separated by blank line (https://github.com/DotNetAnalyzers/StyleCopAnalyzers/blob/master/documentation/SA1516.md) [/home/rrj/src/github/rudironsoni/Synaxis/src/Synaxis.Api/Synaxis.Api.csproj]
/home/rrj/src/github/rudironsoni/Synaxis/src/Synaxis.Api/Health/Layers/BusinessHealthCheck.cs(205,1): error SA1516: Elements should be separated by blank line (https://github.com/DotNetAnalyzers/StyleCopAnalyzers/blob/master/documentation/SA1516.md) [/home/rrj/src/github/rudironsoni/Synaxis/src/Synaxis.Api/Synaxis.Api.csproj]
/home/rrj/src/github/rudironsoni/Synaxis/src/Synaxis.Api/Health/Layers/BusinessHealthCheck.cs(206,1): error SA1516: Elements should be separated by blank line (https://github.com/DotNetAnalyzers/StyleCopAnalyzers/blob/master/documentation/SA1516.md) [/home/rrj/src/github/rudironsoni/Synaxis/src/Synaxis.Api/Synaxis.Api.csproj]
/home/rrj/src/github/rudironsoni/Synaxis/src/Synaxis.Api/Health/Layers/BusinessHealthCheck.cs(207,1): error SA1516: Elements should be separated by blank line (https://github.com/DotNetAnalyzers/StyleCopAnalyzers/blob/master/documentation/SA1516.md) [/home/rrj/src/github/rudironsoni/Synaxis/src/Synaxis.Api/Synaxis.Api.csproj]
/home/rrj/src/github/rudironsoni/Synaxis/src/Synaxis.Api/Health/Layers/BusinessHealthCheck.cs(208,1): error SA1516: Elements should be separated by blank line (https://github.com/DotNetAnalyzers/StyleCopAnalyzers/blob/master/documentation/SA1516.md) [/home/rrj/src/github/rudironsoni/Synaxis/src/Synaxis.Api/Synaxis.Api.csproj]
/home/rrj/src/github/rudironsoni/Synaxis/src/Synaxis.Api/Health/Layers/BusinessHealthCheck.cs(209,1): error SA1516: Elements should be separated by blank line (https://github.com/DotNetAnalyzers/StyleCopAnalyzers/blob/master/documentation/SA1516.md) [/home/rrj/src/github/rudironsoni/Synaxis/src/Synaxis.Api/Synaxis.Api.csproj]
/home/rrj/src/github/rudironsoni/Synaxis/src/Synaxis.Api/Health/Layers/BusinessHealthCheck.cs(210,1): error SA1516: Elements should be separated by blank line (https://github.com/DotNetAnalyzers/StyleCopAnalyzers/blob/master/documentation/SA1516.md) [/home/rrj/src/github/rudironsoni/Synaxis/src/Synaxis.Api/Synaxis.Api.csproj]
/home/rrj/src/github/rudironsoni/Synaxis/src/Synaxis.Api/Health/Layers/InfrastructureHealthCheck.cs(23,9): error SA1101: Prefix local calls with this (https://github.com/DotNetAnalyzers/StyleCopAnalyzers/blob/master/documentation/SA1101.md) [/home/rrj/src/github/rudironsoni/Synaxis/src/Synaxis.Api/Synaxis.Api.csproj]
/home/rrj/src/github/rudironsoni/Synaxis/src/Synaxis.Api/Health/Layers/InfrastructureHealthCheck.cs(24,9): error SA1101: Prefix local calls with this (https://github.com/DotNetAnalyzers/StyleCopAnalyzers/blob/master/documentation/SA1101.md) [/home/rrj/src/github/rudironsoni/Synaxis/src/Synaxis.Api/Synaxis.Api.csproj]
/home/rrj/src/github/rudironsoni/Synaxis/src/Synaxis.Api/Health/Layers/ApplicationHealthCheck.cs(24,9): error SA1101: Prefix local calls with this (https://github.com/DotNetAnalyzers/StyleCopAnalyzers/blob/master/documentation/SA1101.md) [/home/rrj/src/github/rudironsoni/Synaxis/src/Synaxis.Api/Synaxis.Api.csproj]
/home/rrj/src/github/rudironsoni/Synaxis/src/Synaxis.Api/Health/Layers/ApplicationHealthCheck.cs(25,9): error SA1101: Prefix local calls with this (https://github.com/DotNetAnalyzers/StyleCopAnalyzers/blob/master/documentation/SA1101.md) [/home/rrj/src/github/rudironsoni/Synaxis/src/Synaxis.Api/Synaxis.Api.csproj]
/home/rrj/src/github/rudironsoni/Synaxis/src/Synaxis.Api/Health/Layers/ApplicationHealthCheck.cs(28,36): error MA0051: Method is too long (75 lines; maximum allowed: 60) (https://github.com/meziantou/Meziantou.Analyzer/blob/main/docs/Rules/MA0051.md) [/home/rrj/src/github/rudironsoni/Synaxis/src/Synaxis.Api/Synaxis.Api.csproj]
/home/rrj/src/github/rudironsoni/Synaxis/src/Synaxis.Api/Health/Layers/ApplicationHealthCheck.cs(108,112): error S2325: Make 'CheckThreadPool' a static method. (https://rules.sonarsource.com/csharp/RSPEC-2325) [/home/rrj/src/github/rudironsoni/Synaxis/src/Synaxis.Api/Synaxis.Api.csproj]
/home/rrj/src/github/rudironsoni/Synaxis/src/Synaxis.Api/Health/Layers/ApplicationHealthCheck.cs(116,119): error S2325: Make 'CheckGarbageCollection' a static method. (https://rules.sonarsource.com/csharp/RSPEC-2325) [/home/rrj/src/github/rudironsoni/Synaxis/src/Synaxis.Api/Synaxis.Api.csproj]
/home/rrj/src/github/rudironsoni/Synaxis/src/Synaxis.Api/Health/Layers/ApplicationHealthCheck.cs(129,126): error S2325: Make 'CheckProcess' a static method. (https://rules.sonarsource.com/csharp/RSPEC-2325) [/home/rrj/src/github/rudironsoni/Synaxis/src/Synaxis.Api/Synaxis.Api.csproj]
/home/rrj/src/github/rudironsoni/Synaxis/src/Synaxis.Api/Health/Layers/BusinessHealthCheck.cs(23,9): error SA1101: Prefix local calls with this (https://github.com/DotNetAnalyzers/StyleCopAnalyzers/blob/master/documentation/SA1101.md) [/home/rrj/src/github/rudironsoni/Synaxis/src/Synaxis.Api/Synaxis.Api.csproj]
/home/rrj/src/github/rudironsoni/Synaxis/src/Synaxis.Api/Health/Layers/BusinessHealthCheck.cs(24,9): error SA1101: Prefix local calls with this (https://github.com/DotNetAnalyzers/StyleCopAnalyzers/blob/master/documentation/SA1101.md) [/home/rrj/src/github/rudironsoni/Synaxis/src/Synaxis.Api/Synaxis.Api.csproj]
/home/rrj/src/github/rudironsoni/Synaxis/src/Synaxis.Api/Health/Layers/ApplicationHealthCheck.cs(38,34): error SA1101: Prefix local calls with this (https://github.com/DotNetAnalyzers/StyleCopAnalyzers/blob/master/documentation/SA1101.md) [/home/rrj/src/github/rudironsoni/Synaxis/src/Synaxis.Api/Synaxis.Api.csproj]
/home/rrj/src/github/rudironsoni/Synaxis/src/Synaxis.Api/Health/Layers/ApplicationHealthCheck.cs(50,26): error SA1101: Prefix local calls with this (https://github.com/DotNetAnalyzers/StyleCopAnalyzers/blob/master/documentation/SA1101.md) [/home/rrj/src/github/rudironsoni/Synaxis/src/Synaxis.Api/Synaxis.Api.csproj]
/home/rrj/src/github/rudironsoni/Synaxis/src/Synaxis.Api/Health/Layers/ApplicationHealthCheck.cs(63,31): error SA1101: Prefix local calls with this (https://github.com/DotNetAnalyzers/StyleCopAnalyzers/blob/master/documentation/SA1101.md) [/home/rrj/src/github/rudironsoni/Synaxis/src/Synaxis.Api/Synaxis.Api.csproj]
/home/rrj/src/github/rudironsoni/Synaxis/src/Synaxis.Api/Health/Layers/ApplicationHealthCheck.cs(91,17): error SA1101: Prefix local calls with this (https://github.com/DotNetAnalyzers/StyleCopAnalyzers/blob/master/documentation/SA1101.md) [/home/rrj/src/github/rudironsoni/Synaxis/src/Synaxis.Api/Synaxis.Api.csproj]
/home/rrj/src/github/rudironsoni/Synaxis/src/Synaxis.Api/Health/Layers/ApplicationHealthCheck.cs(98,13): error SA1101: Prefix local calls with this (https://github.com/DotNetAnalyzers/StyleCopAnalyzers/blob/master/documentation/SA1101.md) [/home/rrj/src/github/rudironsoni/Synaxis/src/Synaxis.Api/Synaxis.Api.csproj]
/home/rrj/src/github/rudironsoni/Synaxis/src/Synaxis.Api/Health/Layers/ApplicationHealthCheck.cs(103,13): error SA1101: Prefix local calls with this (https://github.com/DotNetAnalyzers/StyleCopAnalyzers/blob/master/documentation/SA1101.md) [/home/rrj/src/github/rudironsoni/Synaxis/src/Synaxis.Api/Synaxis.Api.csproj]
/home/rrj/src/github/rudironsoni/Synaxis/src/Synaxis.Api/Health/Layers/InfrastructureHealthCheck.cs(98,20): error S2325: Make 'CheckDiskSpace' a static method. (https://rules.sonarsource.com/csharp/RSPEC-2325) [/home/rrj/src/github/rudironsoni/Synaxis/src/Synaxis.Api/Synaxis.Api.csproj]
/home/rrj/src/github/rudironsoni/Synaxis/src/Synaxis.Api/Health/Layers/BusinessHealthCheck.cs(27,36): error MA0051: Method is too long (82 lines; maximum allowed: 60) (https://github.com/meziantou/Meziantou.Analyzer/blob/main/docs/Rules/MA0051.md) [/home/rrj/src/github/rudironsoni/Synaxis/src/Synaxis.Api/Synaxis.Api.csproj]
/home/rrj/src/github/rudironsoni/Synaxis/src/Synaxis.Api/Health/Layers/ApplicationHealthCheck.cs(35,24): error MA0002: Use an overload that has a IEqualityComparer<string> or IComparer<string> parameter (https://github.com/meziantou/Meziantou.Analyzer/blob/main/docs/Rules/MA0002.md) [/home/rrj/src/github/rudironsoni/Synaxis/src/Synaxis.Api/Synaxis.Api.csproj]
/home/rrj/src/github/rudironsoni/Synaxis/src/Synaxis.Api/Health/Layers/InfrastructureHealthCheck.cs(27,42): error MA0051: Method is too long (66 lines; maximum allowed: 60) (https://github.com/meziantou/Meziantou.Analyzer/blob/main/docs/Rules/MA0051.md) [/home/rrj/src/github/rudironsoni/Synaxis/src/Synaxis.Api/Synaxis.Api.csproj]
/home/rrj/src/github/rudironsoni/Synaxis/src/Synaxis.Api/Health/Layers/BusinessHealthCheck.cs(37,34): error SA1101: Prefix local calls with this (https://github.com/DotNetAnalyzers/StyleCopAnalyzers/blob/master/documentation/SA1101.md) [/home/rrj/src/github/rudironsoni/Synaxis/src/Synaxis.Api/Synaxis.Api.csproj]
/home/rrj/src/github/rudironsoni/Synaxis/src/Synaxis.Api/Health/Layers/BusinessHealthCheck.cs(90,17): error SA1101: Prefix local calls with this (https://github.com/DotNetAnalyzers/StyleCopAnalyzers/blob/master/documentation/SA1101.md) [/home/rrj/src/github/rudironsoni/Synaxis/src/Synaxis.Api/Synaxis.Api.csproj]
/home/rrj/src/github/rudironsoni/Synaxis/src/Synaxis.Api/Health/Layers/BusinessHealthCheck.cs(97,17): error SA1101: Prefix local calls with this (https://github.com/DotNetAnalyzers/StyleCopAnalyzers/blob/master/documentation/SA1101.md) [/home/rrj/src/github/rudironsoni/Synaxis/src/Synaxis.Api/Synaxis.Api.csproj]
/home/rrj/src/github/rudironsoni/Synaxis/src/Synaxis.Api/Health/Layers/BusinessHealthCheck.cs(104,13): error SA1101: Prefix local calls with this (https://github.com/DotNetAnalyzers/StyleCopAnalyzers/blob/master/documentation/SA1101.md) [/home/rrj/src/github/rudironsoni/Synaxis/src/Synaxis.Api/Synaxis.Api.csproj]
/home/rrj/src/github/rudironsoni/Synaxis/src/Synaxis.Api/Health/Layers/BusinessHealthCheck.cs(109,13): error SA1101: Prefix local calls with this (https://github.com/DotNetAnalyzers/StyleCopAnalyzers/blob/master/documentation/SA1101.md) [/home/rrj/src/github/rudironsoni/Synaxis/src/Synaxis.Api/Synaxis.Api.csproj]
/home/rrj/src/github/rudironsoni/Synaxis/src/Synaxis.Api/Health/Layers/InfrastructureHealthCheck.cs(37,28): error SA1101: Prefix local calls with this (https://github.com/DotNetAnalyzers/StyleCopAnalyzers/blob/master/documentation/SA1101.md) [/home/rrj/src/github/rudironsoni/Synaxis/src/Synaxis.Api/Synaxis.Api.csproj]
/home/rrj/src/github/rudironsoni/Synaxis/src/Synaxis.Api/Health/Layers/InfrastructureHealthCheck.cs(45,30): error SA1101: Prefix local calls with this (https://github.com/DotNetAnalyzers/StyleCopAnalyzers/blob/master/documentation/SA1101.md) [/home/rrj/src/github/rudironsoni/Synaxis/src/Synaxis.Api/Synaxis.Api.csproj]
/home/rrj/src/github/rudironsoni/Synaxis/src/Synaxis.Api/Health/Layers/InfrastructureHealthCheck.cs(53,27): error SA1101: Prefix local calls with this (https://github.com/DotNetAnalyzers/StyleCopAnalyzers/blob/master/documentation/SA1101.md) [/home/rrj/src/github/rudironsoni/Synaxis/src/Synaxis.Api/Synaxis.Api.csproj]
/home/rrj/src/github/rudironsoni/Synaxis/src/Synaxis.Api/Health/Layers/InfrastructureHealthCheck.cs(61,35): error SA1101: Prefix local calls with this (https://github.com/DotNetAnalyzers/StyleCopAnalyzers/blob/master/documentation/SA1101.md) [/home/rrj/src/github/rudironsoni/Synaxis/src/Synaxis.Api/Synaxis.Api.csproj]
/home/rrj/src/github/rudironsoni/Synaxis/src/Synaxis.Api/Health/Layers/InfrastructureHealthCheck.cs(81,17): error SA1101: Prefix local calls with this (https://github.com/DotNetAnalyzers/StyleCopAnalyzers/blob/master/documentation/SA1101.md) [/home/rrj/src/github/rudironsoni/Synaxis/src/Synaxis.Api/Synaxis.Api.csproj]
/home/rrj/src/github/rudironsoni/Synaxis/src/Synaxis.Api/Health/Layers/InfrastructureHealthCheck.cs(88,13): error SA1101: Prefix local calls with this (https://github.com/DotNetAnalyzers/StyleCopAnalyzers/blob/master/documentation/SA1101.md) [/home/rrj/src/github/rudironsoni/Synaxis/src/Synaxis.Api/Synaxis.Api.csproj]
/home/rrj/src/github/rudironsoni/Synaxis/src/Synaxis.Api/Health/Layers/InfrastructureHealthCheck.cs(93,13): error SA1101: Prefix local calls with this (https://github.com/DotNetAnalyzers/StyleCopAnalyzers/blob/master/documentation/SA1101.md) [/home/rrj/src/github/rudironsoni/Synaxis/src/Synaxis.Api/Synaxis.Api.csproj]
/home/rrj/src/github/rudironsoni/Synaxis/src/Synaxis.Api/Health/Layers/BusinessHealthCheck.cs(34,24): error MA0002: Use an overload that has a IEqualityComparer<string> or IComparer<string> parameter (https://github.com/meziantou/Meziantou.Analyzer/blob/main/docs/Rules/MA0002.md) [/home/rrj/src/github/rudironsoni/Synaxis/src/Synaxis.Api/Synaxis.Api.csproj]
/home/rrj/src/github/rudironsoni/Synaxis/src/Synaxis.Api/Health/Layers/InfrastructureHealthCheck.cs(116,20): error S2325: Make 'CheckMemory' a static method. (https://rules.sonarsource.com/csharp/RSPEC-2325) [/home/rrj/src/github/rudironsoni/Synaxis/src/Synaxis.Api/Synaxis.Api.csproj]
/home/rrj/src/github/rudironsoni/Synaxis/src/Synaxis.Api/Health/Layers/InfrastructureHealthCheck.cs(34,24): error MA0002: Use an overload that has a IEqualityComparer<string> or IComparer<string> parameter (https://github.com/meziantou/Meziantou.Analyzer/blob/main/docs/Rules/MA0002.md) [/home/rrj/src/github/rudironsoni/Synaxis/src/Synaxis.Api/Synaxis.Api.csproj]
/home/rrj/src/github/rudironsoni/Synaxis/src/Synaxis.Api/Health/Layers/BusinessHealthCheck.cs(129,15): error SA1101: Prefix local calls with this (https://github.com/DotNetAnalyzers/StyleCopAnalyzers/blob/master/documentation/SA1101.md) [/home/rrj/src/github/rudironsoni/Synaxis/src/Synaxis.Api/Synaxis.Api.csproj]
/home/rrj/src/github/rudironsoni/Synaxis/src/Synaxis.Api/Health/Layers/BusinessHealthCheck.cs(131,13): error SA1101: Prefix local calls with this (https://github.com/DotNetAnalyzers/StyleCopAnalyzers/blob/master/documentation/SA1101.md) [/home/rrj/src/github/rudironsoni/Synaxis/src/Synaxis.Api/Synaxis.Api.csproj]
/home/rrj/src/github/rudironsoni/Synaxis/src/Synaxis.Api/Health/Layers/BusinessHealthCheck.cs(134,17): error SA1101: Prefix local calls with this (https://github.com/DotNetAnalyzers/StyleCopAnalyzers/blob/master/documentation/SA1101.md) [/home/rrj/src/github/rudironsoni/Synaxis/src/Synaxis.Api/Synaxis.Api.csproj]
/home/rrj/src/github/rudironsoni/Synaxis/src/Synaxis.Api/Health/Layers/BusinessHealthCheck.cs(138,17): error SA1101: Prefix local calls with this (https://github.com/DotNetAnalyzers/StyleCopAnalyzers/blob/master/documentation/SA1101.md) [/home/rrj/src/github/rudironsoni/Synaxis/src/Synaxis.Api/Synaxis.Api.csproj]
/home/rrj/src/github/rudironsoni/Synaxis/src/Synaxis.Api/Health/Layers/BusinessHealthCheck.cs(141,13): error SA1101: Prefix local calls with this (https://github.com/DotNetAnalyzers/StyleCopAnalyzers/blob/master/documentation/SA1101.md) [/home/rrj/src/github/rudironsoni/Synaxis/src/Synaxis.Api/Synaxis.Api.csproj]
/home/rrj/src/github/rudironsoni/Synaxis/src/Synaxis.Api/Health/Layers/BusinessHealthCheck.cs(144,36): error SA1101: Prefix local calls with this (https://github.com/DotNetAnalyzers/StyleCopAnalyzers/blob/master/documentation/SA1101.md) [/home/rrj/src/github/rudironsoni/Synaxis/src/Synaxis.Api/Synaxis.Api.csproj]
/home/rrj/src/github/rudironsoni/Synaxis/src/Synaxis.Api/Health/Layers/BusinessHealthCheck.cs(146,17): error SA1101: Prefix local calls with this (https://github.com/DotNetAnalyzers/StyleCopAnalyzers/blob/master/documentation/SA1101.md) [/home/rrj/src/github/rudironsoni/Synaxis/src/Synaxis.Api/Synaxis.Api.csproj]
/home/rrj/src/github/rudironsoni/Synaxis/src/Synaxis.Api/Health/Layers/InfrastructureHealthCheck.cs(133,20): error S2325: Make 'CheckCpu' a static method. (https://rules.sonarsource.com/csharp/RSPEC-2325) [/home/rrj/src/github/rudironsoni/Synaxis/src/Synaxis.Api/Synaxis.Api.csproj]
/home/rrj/src/github/rudironsoni/Synaxis/src/Synaxis.Api/Health/Layers/BusinessHealthCheck.cs(176,17): error SA1413: Use trailing comma in multi-line initializers (https://github.com/DotNetAnalyzers/StyleCopAnalyzers/blob/master/documentation/SA1413.md) [/home/rrj/src/github/rudironsoni/Synaxis/src/Synaxis.Api/Synaxis.Api.csproj]
/home/rrj/src/github/rudironsoni/Synaxis/src/Synaxis.Api/Health/Layers/BusinessHealthCheck.cs(153,15): error SA1101: Prefix local calls with this (https://github.com/DotNetAnalyzers/StyleCopAnalyzers/blob/master/documentation/SA1101.md) [/home/rrj/src/github/rudironsoni/Synaxis/src/Synaxis.Api/Synaxis.Api.csproj]
/home/rrj/src/github/rudironsoni/Synaxis/src/Synaxis.Api/Health/Layers/BusinessHealthCheck.cs(155,31): error SA1101: Prefix local calls with this (https://github.com/DotNetAnalyzers/StyleCopAnalyzers/blob/master/documentation/SA1101.md) [/home/rrj/src/github/rudironsoni/Synaxis/src/Synaxis.Api/Synaxis.Api.csproj]
/home/rrj/src/github/rudironsoni/Synaxis/src/Synaxis.Api/Health/Layers/BusinessHealthCheck.cs(156,31): error SA1101: Prefix local calls with this (https://github.com/DotNetAnalyzers/StyleCopAnalyzers/blob/master/documentation/SA1101.md) [/home/rrj/src/github/rudironsoni/Synaxis/src/Synaxis.Api/Synaxis.Api.csproj]
/home/rrj/src/github/rudironsoni/Synaxis/src/Synaxis.Api/Health/Layers/BusinessHealthCheck.cs(156,60): error SA1101: Prefix local calls with this (https://github.com/DotNetAnalyzers/StyleCopAnalyzers/blob/master/documentation/SA1101.md) [/home/rrj/src/github/rudironsoni/Synaxis/src/Synaxis.Api/Synaxis.Api.csproj]
/home/rrj/src/github/rudironsoni/Synaxis/src/Synaxis.Api/Health/Layers/BusinessHealthCheck.cs(156,82): error SA1101: Prefix local calls with this (https://github.com/DotNetAnalyzers/StyleCopAnalyzers/blob/master/documentation/SA1101.md) [/home/rrj/src/github/rudironsoni/Synaxis/src/Synaxis.Api/Synaxis.Api.csproj]
/home/rrj/src/github/rudironsoni/Synaxis/src/Synaxis.Api/Health/Layers/BusinessHealthCheck.cs(157,29): error SA1101: Prefix local calls with this (https://github.com/DotNetAnalyzers/StyleCopAnalyzers/blob/master/documentation/SA1101.md) [/home/rrj/src/github/rudironsoni/Synaxis/src/Synaxis.Api/Synaxis.Api.csproj]
/home/rrj/src/github/rudironsoni/Synaxis/src/Synaxis.Api/Health/Layers/BusinessHealthCheck.cs(157,58): error SA1101: Prefix local calls with this (https://github.com/DotNetAnalyzers/StyleCopAnalyzers/blob/master/documentation/SA1101.md) [/home/rrj/src/github/rudironsoni/Synaxis/src/Synaxis.Api/Synaxis.Api.csproj]
/home/rrj/src/github/rudironsoni/Synaxis/src/Synaxis.Api/Health/Layers/BusinessHealthCheck.cs(157,76): error SA1101: Prefix local calls with this (https://github.com/DotNetAnalyzers/StyleCopAnalyzers/blob/master/documentation/SA1101.md) [/home/rrj/src/github/rudironsoni/Synaxis/src/Synaxis.Api/Synaxis.Api.csproj]
/home/rrj/src/github/rudironsoni/Synaxis/src/Synaxis.Api/Health/Layers/BusinessHealthCheck.cs(158,35): error SA1101: Prefix local calls with this (https://github.com/DotNetAnalyzers/StyleCopAnalyzers/blob/master/documentation/SA1101.md) [/home/rrj/src/github/rudironsoni/Synaxis/src/Synaxis.Api/Synaxis.Api.csproj]
/home/rrj/src/github/rudironsoni/Synaxis/src/Synaxis.Api/Health/Layers/BusinessHealthCheck.cs(158,62): error SA1101: Prefix local calls with this (https://github.com/DotNetAnalyzers/StyleCopAnalyzers/blob/master/documentation/SA1101.md) [/home/rrj/src/github/rudironsoni/Synaxis/src/Synaxis.Api/Synaxis.Api.csproj]
/home/rrj/src/github/rudironsoni/Synaxis/src/Synaxis.Api/Health/Layers/BusinessHealthCheck.cs(159,23): error SA1101: Prefix local calls with this (https://github.com/DotNetAnalyzers/StyleCopAnalyzers/blob/master/documentation/SA1101.md) [/home/rrj/src/github/rudironsoni/Synaxis/src/Synaxis.Api/Synaxis.Api.csproj]
/home/rrj/src/github/rudironsoni/Synaxis/src/Synaxis.Api/Health/Layers/BusinessHealthCheck.cs(160,23): error SA1101: Prefix local calls with this (https://github.com/DotNetAnalyzers/StyleCopAnalyzers/blob/master/documentation/SA1101.md) [/home/rrj/src/github/rudironsoni/Synaxis/src/Synaxis.Api/Synaxis.Api.csproj]
/home/rrj/src/github/rudironsoni/Synaxis/src/Synaxis.Api/Health/Layers/BusinessHealthCheck.cs(161,23): error SA1101: Prefix local calls with this (https://github.com/DotNetAnalyzers/StyleCopAnalyzers/blob/master/documentation/SA1101.md) [/home/rrj/src/github/rudironsoni/Synaxis/src/Synaxis.Api/Synaxis.Api.csproj]
/home/rrj/src/github/rudironsoni/Synaxis/src/Synaxis.Api/Health/Layers/BusinessHealthCheck.cs(162,53): error SA1101: Prefix local calls with this (https://github.com/DotNetAnalyzers/StyleCopAnalyzers/blob/master/documentation/SA1101.md) [/home/rrj/src/github/rudironsoni/Synaxis/src/Synaxis.Api/Synaxis.Api.csproj]
/home/rrj/src/github/rudironsoni/Synaxis/src/Synaxis.Api/Health/Layers/BusinessHealthCheck.cs(163,44): error SA1101: Prefix local calls with this (https://github.com/DotNetAnalyzers/StyleCopAnalyzers/blob/master/documentation/SA1101.md) [/home/rrj/src/github/rudironsoni/Synaxis/src/Synaxis.Api/Synaxis.Api.csproj]
/home/rrj/src/github/rudironsoni/Synaxis/src/Synaxis.Api/Health/Layers/BusinessHealthCheck.cs(167,33): error SA1101: Prefix local calls with this (https://github.com/DotNetAnalyzers/StyleCopAnalyzers/blob/master/documentation/SA1101.md) [/home/rrj/src/github/rudironsoni/Synaxis/src/Synaxis.Api/Synaxis.Api.csproj]
/home/rrj/src/github/rudironsoni/Synaxis/src/Synaxis.Api/Health/Layers/BusinessHealthCheck.cs(168,38): error SA1101: Prefix local calls with this (https://github.com/DotNetAnalyzers/StyleCopAnalyzers/blob/master/documentation/SA1101.md) [/home/rrj/src/github/rudironsoni/Synaxis/src/Synaxis.Api/Synaxis.Api.csproj]
/home/rrj/src/github/rudironsoni/Synaxis/src/Synaxis.Api/Health/Layers/BusinessHealthCheck.cs(169,34): error SA1101: Prefix local calls with this (https://github.com/DotNetAnalyzers/StyleCopAnalyzers/blob/master/documentation/SA1101.md) [/home/rrj/src/github/rudironsoni/Synaxis/src/Synaxis.Api/Synaxis.Api.csproj]
/home/rrj/src/github/rudironsoni/Synaxis/src/Synaxis.Api/Health/Layers/BusinessHealthCheck.cs(181,20): error S2325: Make 'GetPercentile' a static method. (https://rules.sonarsource.com/csharp/RSPEC-2325) [/home/rrj/src/github/rudironsoni/Synaxis/src/Synaxis.Api/Synaxis.Api.csproj]
/home/rrj/src/github/rudironsoni/Synaxis/src/Synaxis.Api/Health/Layers/BusinessHealthCheck.cs(183,38): error SA1503: Braces should not be omitted (https://github.com/DotNetAnalyzers/StyleCopAnalyzers/blob/master/documentation/SA1503.md) [/home/rrj/src/github/rudironsoni/Synaxis/src/Synaxis.Api/Synaxis.Api.csproj]
/home/rrj/src/github/rudironsoni/Synaxis/src/Synaxis.Api/Health/Layers/BusinessHealthCheck.cs(191,9): error SA1101: Prefix local calls with this (https://github.com/DotNetAnalyzers/StyleCopAnalyzers/blob/master/documentation/SA1101.md) [/home/rrj/src/github/rudironsoni/Synaxis/src/Synaxis.Api/Synaxis.Api.csproj]
/home/rrj/src/github/rudironsoni/Synaxis/src/Synaxis.Api/Health/Layers/BusinessHealthCheck.cs(192,9): error SA1101: Prefix local calls with this (https://github.com/DotNetAnalyzers/StyleCopAnalyzers/blob/master/documentation/SA1101.md) [/home/rrj/src/github/rudironsoni/Synaxis/src/Synaxis.Api/Synaxis.Api.csproj]
/home/rrj/src/github/rudironsoni/Synaxis/src/Synaxis.Api/Health/Layers/BusinessHealthCheck.cs(193,9): error SA1101: Prefix local calls with this (https://github.com/DotNetAnalyzers/StyleCopAnalyzers/blob/master/documentation/SA1101.md) [/home/rrj/src/github/rudironsoni/Synaxis/src/Synaxis.Api/Synaxis.Api.csproj]
/home/rrj/src/github/rudironsoni/Synaxis/src/Synaxis.Api/Health/Layers/BusinessHealthCheck.cs(194,9): error SA1101: Prefix local calls with this (https://github.com/DotNetAnalyzers/StyleCopAnalyzers/blob/master/documentation/SA1101.md) [/home/rrj/src/github/rudironsoni/Synaxis/src/Synaxis.Api/Synaxis.Api.csproj]
/home/rrj/src/github/rudironsoni/Synaxis/src/Synaxis.Api/Health/Layers/BusinessHealthCheck.cs(195,9): error SA1101: Prefix local calls with this (https://github.com/DotNetAnalyzers/StyleCopAnalyzers/blob/master/documentation/SA1101.md) [/home/rrj/src/github/rudironsoni/Synaxis/src/Synaxis.Api/Synaxis.Api.csproj]
/home/rrj/src/github/rudironsoni/Synaxis/src/Synaxis.Api/Health/Layers/BusinessHealthCheck.cs(120,29): error MA0158: Use System.Threading.Lock (https://github.com/meziantou/Meziantou.Analyzer/blob/main/docs/Rules/MA0158.md) [/home/rrj/src/github/rudironsoni/Synaxis/src/Synaxis.Api/Synaxis.Api.csproj]
  Synaxis.InferenceGateway.WebApi -> /home/rrj/src/github/rudironsoni/Synaxis/src/InferenceGateway/WebApi/bin/Debug/net10.0/Synaxis.InferenceGateway.WebApi.dll
  Synaxis.Benchmarks -> /home/rrj/src/github/rudironsoni/Synaxis/src/Tests/Benchmarks/bin/Debug/net10.0/Synaxis.Benchmarks.dll
  Synaxis.Contracts -> /home/rrj/src/github/rudironsoni/Synaxis/src/Synaxis.Contracts/bin/Debug/netstandard2.1/Synaxis.Contracts.dll
  Synaxis -> /home/rrj/src/github/rudironsoni/Synaxis/src/Synaxis/bin/Debug/net10.0/Synaxis.dll
  Synaxis.Transport.WebSocket -> /home/rrj/src/github/rudironsoni/Synaxis/src/Synaxis.Transport.WebSocket/bin/Debug/net10.0/Synaxis.Transport.WebSocket.dll
  Synaxis.Transport.Http -> /home/rrj/src/github/rudironsoni/Synaxis/src/Synaxis.Transport.Http/bin/Debug/net10.0/Synaxis.Transport.Http.dll
  Synaxis.Transport.Grpc -> /home/rrj/src/github/rudironsoni/Synaxis/src/Synaxis.Transport.Grpc/bin/Debug/net10.0/Synaxis.Transport.Grpc.dll
  Synaxis.InferenceGateway.Infrastructure.Tests -> /home/rrj/src/github/rudironsoni/Synaxis/tests/InferenceGateway/Infrastructure.Tests/bin/Debug/net10.0/Synaxis.InferenceGateway.Infrastructure.Tests.dll
  Synaxis.Common.Tests -> /home/rrj/src/github/rudironsoni/Synaxis/tests/Common/bin/Debug/net10.0/Synaxis.Common.Tests.dll
  Synaxis.InferenceGateway.Application.Tests -> /home/rrj/src/github/rudironsoni/Synaxis/tests/InferenceGateway/Application.Tests/bin/Debug/net10.0/Synaxis.InferenceGateway.Application.Tests.dll
  Synaxis.Infrastructure.Tests -> /home/rrj/src/github/rudironsoni/Synaxis/tests/Synaxis.Infrastructure.Tests/bin/Debug/net10.0/Synaxis.Infrastructure.Tests.dll
  Synaxis.InferenceGateway.IntegrationTests -> /home/rrj/src/github/rudironsoni/Synaxis/tests/InferenceGateway/IntegrationTests/bin/Debug/net10.0/Synaxis.InferenceGateway.IntegrationTests.dll
  Synaxis.InferenceGateway.UnitTests -> /home/rrj/src/github/rudironsoni/Synaxis/tests/InferenceGateway.UnitTests/bin/Debug/net10.0/Synaxis.InferenceGateway.UnitTests.dll

Build FAILED.

/home/rrj/src/github/rudironsoni/Synaxis/src/Synaxis.StampController/CRDs/StampResource.cs(278,19): error CS0246: The type or namespace name 'CustomResourceDefinition' could not be found (are you missing a using directive or an assembly reference?) [/home/rrj/src/github/rudironsoni/Synaxis/src/Synaxis.StampController/Synaxis.StampController.csproj]
CSC : error SA0001: XML comment analysis is disabled due to project configuration (https://github.com/DotNetAnalyzers/StyleCopAnalyzers/blob/master/documentation/SA0001.md) [/home/rrj/src/github/rudironsoni/Synaxis/src/Synaxis.Server/Synaxis.Server.csproj]
/home/rrj/src/github/rudironsoni/Synaxis/src/Synaxis.Api/Health/Layers/InfrastructureHealthCheck.cs(38,51): error CS1061: 'double' does not contain a definition for 'UsagePercent' and no accessible extension method 'UsagePercent' accepting a first argument of type 'double' could be found (are you missing a using directive or an assembly reference?) [/home/rrj/src/github/rudironsoni/Synaxis/src/Synaxis.Api/Synaxis.Api.csproj]
/home/rrj/src/github/rudironsoni/Synaxis/src/Synaxis.Api/Health/Layers/InfrastructureHealthCheck.cs(39,26): error CS1061: 'double' does not contain a definition for 'UsagePercent' and no accessible extension method 'UsagePercent' accepting a first argument of type 'double' could be found (are you missing a using directive or an assembly reference?) [/home/rrj/src/github/rudironsoni/Synaxis/src/Synaxis.Api/Synaxis.Api.csproj]
/home/rrj/src/github/rudironsoni/Synaxis/src/Synaxis.Api/Health/Layers/InfrastructureHealthCheck.cs(41,61): error CS1061: 'double' does not contain a definition for 'UsagePercent' and no accessible extension method 'UsagePercent' accepting a first argument of type 'double' could be found (are you missing a using directive or an assembly reference?) [/home/rrj/src/github/rudironsoni/Synaxis/src/Synaxis.Api/Synaxis.Api.csproj]
/home/rrj/src/github/rudironsoni/Synaxis/src/Synaxis.Api/Health/Layers/InfrastructureHealthCheck.cs(46,55): error CS1061: 'double' does not contain a definition for 'UsagePercent' and no accessible extension method 'UsagePercent' accepting a first argument of type 'double' could be found (are you missing a using directive or an assembly reference?) [/home/rrj/src/github/rudironsoni/Synaxis/src/Synaxis.Api/Synaxis.Api.csproj]
/home/rrj/src/github/rudironsoni/Synaxis/src/Synaxis.Api/Health/Layers/InfrastructureHealthCheck.cs(47,28): error CS1061: 'double' does not contain a definition for 'UsagePercent' and no accessible extension method 'UsagePercent' accepting a first argument of type 'double' could be found (are you missing a using directive or an assembly reference?) [/home/rrj/src/github/rudironsoni/Synaxis/src/Synaxis.Api/Synaxis.Api.csproj]
/home/rrj/src/github/rudironsoni/Synaxis/src/Synaxis.Api/Health/Layers/InfrastructureHealthCheck.cs(49,65): error CS1061: 'double' does not contain a definition for 'UsagePercent' and no accessible extension method 'UsagePercent' accepting a first argument of type 'double' could be found (are you missing a using directive or an assembly reference?) [/home/rrj/src/github/rudironsoni/Synaxis/src/Synaxis.Api/Synaxis.Api.csproj]
/home/rrj/src/github/rudironsoni/Synaxis/src/Synaxis.Api/Health/Layers/InfrastructureHealthCheck.cs(54,49): error CS1061: 'double' does not contain a definition for 'UsagePercent' and no accessible extension method 'UsagePercent' accepting a first argument of type 'double' could be found (are you missing a using directive or an assembly reference?) [/home/rrj/src/github/rudironsoni/Synaxis/src/Synaxis.Api/Synaxis.Api.csproj]
/home/rrj/src/github/rudironsoni/Synaxis/src/Synaxis.Api/Health/Layers/InfrastructureHealthCheck.cs(55,25): error CS1061: 'double' does not contain a definition for 'UsagePercent' and no accessible extension method 'UsagePercent' accepting a first argument of type 'double' could be found (are you missing a using directive or an assembly reference?) [/home/rrj/src/github/rudironsoni/Synaxis/src/Synaxis.Api/Synaxis.Api.csproj]
/home/rrj/src/github/rudironsoni/Synaxis/src/Synaxis.Api/Health/Layers/InfrastructureHealthCheck.cs(57,59): error CS1061: 'double' does not contain a definition for 'UsagePercent' and no accessible extension method 'UsagePercent' accepting a first argument of type 'double' could be found (are you missing a using directive or an assembly reference?) [/home/rrj/src/github/rudironsoni/Synaxis/src/Synaxis.Api/Synaxis.Api.csproj]
/home/rrj/src/github/rudironsoni/Synaxis/src/Synaxis.Api/Health/HealthCheckExtensions.cs(39,21): error CS1061: 'IHealthChecksBuilder' does not contain a definition for 'AddAzureServiceBusTopicHealthCheck' and no accessible extension method 'AddAzureServiceBusTopicHealthCheck' accepting a first argument of type 'IHealthChecksBuilder' could be found (are you missing a using directive or an assembly reference?) [/home/rrj/src/github/rudironsoni/Synaxis/src/Synaxis.Api/Synaxis.Api.csproj]
/home/rrj/src/github/rudironsoni/Synaxis/src/Synaxis.Api/Health/Layers/InfrastructureHealthCheck.cs(138,27): error CS0103: The name 'Process' does not exist in the current context [/home/rrj/src/github/rudironsoni/Synaxis/src/Synaxis.Api/Synaxis.Api.csproj]
/home/rrj/src/github/rudironsoni/Synaxis/src/Synaxis.Api/Health/HealthCheckExtensions.cs(1,1): error SA1200: Using directive should appear within a namespace declaration (https://github.com/DotNetAnalyzers/StyleCopAnalyzers/blob/master/documentation/SA1200.md) [/home/rrj/src/github/rudironsoni/Synaxis/src/Synaxis.Api/Synaxis.Api.csproj]
/home/rrj/src/github/rudironsoni/Synaxis/src/Synaxis.Api/Health/HealthCheckExtensions.cs(2,1): error SA1200: Using directive should appear within a namespace declaration (https://github.com/DotNetAnalyzers/StyleCopAnalyzers/blob/master/documentation/SA1200.md) [/home/rrj/src/github/rudironsoni/Synaxis/src/Synaxis.Api/Synaxis.Api.csproj]
/home/rrj/src/github/rudironsoni/Synaxis/src/Synaxis.Api/Health/Layers/ApplicationHealthCheck.cs(1,1): error SA1200: Using directive should appear within a namespace declaration (https://github.com/DotNetAnalyzers/StyleCopAnalyzers/blob/master/documentation/SA1200.md) [/home/rrj/src/github/rudironsoni/Synaxis/src/Synaxis.Api/Synaxis.Api.csproj]
/home/rrj/src/github/rudironsoni/Synaxis/src/Synaxis.Api/Health/Layers/ApplicationHealthCheck.cs(2,1): error SA1200: Using directive should appear within a namespace declaration (https://github.com/DotNetAnalyzers/StyleCopAnalyzers/blob/master/documentation/SA1200.md) [/home/rrj/src/github/rudironsoni/Synaxis/src/Synaxis.Api/Synaxis.Api.csproj]
/home/rrj/src/github/rudironsoni/Synaxis/src/Synaxis.Api/Health/Layers/ApplicationHealthCheck.cs(2,1): error SA1208: Using directive for 'System.Diagnostics' should appear before directive for 'Microsoft.Extensions.Diagnostics.HealthChecks' (https://github.com/DotNetAnalyzers/StyleCopAnalyzers/blob/master/documentation/SA1208.md) [/home/rrj/src/github/rudironsoni/Synaxis/src/Synaxis.Api/Synaxis.Api.csproj]
/home/rrj/src/github/rudironsoni/Synaxis/src/Synaxis.Api/Health/Layers/BusinessHealthCheck.cs(1,1): error SA1200: Using directive should appear within a namespace declaration (https://github.com/DotNetAnalyzers/StyleCopAnalyzers/blob/master/documentation/SA1200.md) [/home/rrj/src/github/rudironsoni/Synaxis/src/Synaxis.Api/Synaxis.Api.csproj]
/home/rrj/src/github/rudironsoni/Synaxis/src/Synaxis.Api/Health/Layers/InfrastructureHealthCheck.cs(1,1): error SA1200: Using directive should appear within a namespace declaration (https://github.com/DotNetAnalyzers/StyleCopAnalyzers/blob/master/documentation/SA1200.md) [/home/rrj/src/github/rudironsoni/Synaxis/src/Synaxis.Api/Synaxis.Api.csproj]
/home/rrj/src/github/rudironsoni/Synaxis/src/Synaxis.Api/Health/Layers/InfrastructureHealthCheck.cs(2,1): error SA1200: Using directive should appear within a namespace declaration (https://github.com/DotNetAnalyzers/StyleCopAnalyzers/blob/master/documentation/SA1200.md) [/home/rrj/src/github/rudironsoni/Synaxis/src/Synaxis.Api/Synaxis.Api.csproj]
/home/rrj/src/github/rudironsoni/Synaxis/src/Synaxis.Api/Health/HealthCheckExtensions.cs(1,1): error SA1633: The file header is missing or not located at the top of the file. (https://github.com/DotNetAnalyzers/StyleCopAnalyzers/blob/master/documentation/SA1633.md) [/home/rrj/src/github/rudironsoni/Synaxis/src/Synaxis.Api/Synaxis.Api.csproj]
/home/rrj/src/github/rudironsoni/Synaxis/src/Synaxis.Api/Health/Layers/ApplicationHealthCheck.cs(1,1): error SA1633: The file header is missing or not located at the top of the file. (https://github.com/DotNetAnalyzers/StyleCopAnalyzers/blob/master/documentation/SA1633.md) [/home/rrj/src/github/rudironsoni/Synaxis/src/Synaxis.Api/Synaxis.Api.csproj]
/home/rrj/src/github/rudironsoni/Synaxis/src/Synaxis.Api/Health/Layers/ApplicationHealthCheck.cs(143,9): error SA1009: Closing parenthesis should not be preceded by a space (https://github.com/DotNetAnalyzers/StyleCopAnalyzers/blob/master/documentation/SA1009.md) [/home/rrj/src/github/rudironsoni/Synaxis/src/Synaxis.Api/Synaxis.Api.csproj]
/home/rrj/src/github/rudironsoni/Synaxis/src/Synaxis.Api/Health/Layers/BusinessHealthCheck.cs(1,1): error SA1633: The file header is missing or not located at the top of the file. (https://github.com/DotNetAnalyzers/StyleCopAnalyzers/blob/master/documentation/SA1633.md) [/home/rrj/src/github/rudironsoni/Synaxis/src/Synaxis.Api/Synaxis.Api.csproj]
/home/rrj/src/github/rudironsoni/Synaxis/src/Synaxis.Api/Health/Layers/BusinessHealthCheck.cs(118,14): error SA1402: File may only contain a single type (https://github.com/DotNetAnalyzers/StyleCopAnalyzers/blob/master/documentation/SA1402.md) [/home/rrj/src/github/rudironsoni/Synaxis/src/Synaxis.Api/Synaxis.Api.csproj]
/home/rrj/src/github/rudironsoni/Synaxis/src/Synaxis.Api/Health/Layers/BusinessHealthCheck.cs(199,15): error SA1402: File may only contain a single type (https://github.com/DotNetAnalyzers/StyleCopAnalyzers/blob/master/documentation/SA1402.md) [/home/rrj/src/github/rudironsoni/Synaxis/src/Synaxis.Api/Synaxis.Api.csproj]
/home/rrj/src/github/rudironsoni/Synaxis/src/Synaxis.Api/Health/Layers/InfrastructureHealthCheck.cs(1,1): error SA1633: The file header is missing or not located at the top of the file. (https://github.com/DotNetAnalyzers/StyleCopAnalyzers/blob/master/documentation/SA1633.md) [/home/rrj/src/github/rudironsoni/Synaxis/src/Synaxis.Api/Synaxis.Api.csproj]
/home/rrj/src/github/rudironsoni/Synaxis/src/Synaxis.Api/Health/Layers/ApplicationHealthCheck.cs(18,39): error S4487: Remove this unread private field '_serviceProvider' or refactor the code to use its value. (https://rules.sonarsource.com/csharp/RSPEC-4487) [/home/rrj/src/github/rudironsoni/Synaxis/src/Synaxis.Api/Synaxis.Api.csproj]
/home/rrj/src/github/rudironsoni/Synaxis/src/Synaxis.Api/Health/Layers/BusinessHealthCheck.cs(118,14): error MA0048: File name must match type name (class BusinessMetrics) (https://github.com/meziantou/Meziantou.Analyzer/blob/main/docs/Rules/MA0048.md) [/home/rrj/src/github/rudironsoni/Synaxis/src/Synaxis.Api/Synaxis.Api.csproj]
/home/rrj/src/github/rudironsoni/Synaxis/src/Synaxis.Api/Health/Layers/BusinessHealthCheck.cs(199,15): error MA0048: File name must match type name (record BusinessMetricsSnapshot) (https://github.com/meziantou/Meziantou.Analyzer/blob/main/docs/Rules/MA0048.md) [/home/rrj/src/github/rudironsoni/Synaxis/src/Synaxis.Api/Synaxis.Api.csproj]
/home/rrj/src/github/rudironsoni/Synaxis/src/Synaxis.Api/Health/Layers/BusinessHealthCheck.cs(202,1): error SA1516: Elements should be separated by blank line (https://github.com/DotNetAnalyzers/StyleCopAnalyzers/blob/master/documentation/SA1516.md) [/home/rrj/src/github/rudironsoni/Synaxis/src/Synaxis.Api/Synaxis.Api.csproj]
/home/rrj/src/github/rudironsoni/Synaxis/src/Synaxis.Api/Health/Layers/BusinessHealthCheck.cs(203,1): error SA1516: Elements should be separated by blank line (https://github.com/DotNetAnalyzers/StyleCopAnalyzers/blob/master/documentation/SA1516.md) [/home/rrj/src/github/rudironsoni/Synaxis/src/Synaxis.Api/Synaxis.Api.csproj]
/home/rrj/src/github/rudironsoni/Synaxis/src/Synaxis.Api/Health/Layers/BusinessHealthCheck.cs(204,1): error SA1516: Elements should be separated by blank line (https://github.com/DotNetAnalyzers/StyleCopAnalyzers/blob/master/documentation/SA1516.md) [/home/rrj/src/github/rudironsoni/Synaxis/src/Synaxis.Api/Synaxis.Api.csproj]
/home/rrj/src/github/rudironsoni/Synaxis/src/Synaxis.Api/Health/Layers/BusinessHealthCheck.cs(205,1): error SA1516: Elements should be separated by blank line (https://github.com/DotNetAnalyzers/StyleCopAnalyzers/blob/master/documentation/SA1516.md) [/home/rrj/src/github/rudironsoni/Synaxis/src/Synaxis.Api/Synaxis.Api.csproj]
/home/rrj/src/github/rudironsoni/Synaxis/src/Synaxis.Api/Health/Layers/BusinessHealthCheck.cs(206,1): error SA1516: Elements should be separated by blank line (https://github.com/DotNetAnalyzers/StyleCopAnalyzers/blob/master/documentation/SA1516.md) [/home/rrj/src/github/rudironsoni/Synaxis/src/Synaxis.Api/Synaxis.Api.csproj]
/home/rrj/src/github/rudironsoni/Synaxis/src/Synaxis.Api/Health/Layers/BusinessHealthCheck.cs(207,1): error SA1516: Elements should be separated by blank line (https://github.com/DotNetAnalyzers/StyleCopAnalyzers/blob/master/documentation/SA1516.md) [/home/rrj/src/github/rudironsoni/Synaxis/src/Synaxis.Api/Synaxis.Api.csproj]
/home/rrj/src/github/rudironsoni/Synaxis/src/Synaxis.Api/Health/Layers/BusinessHealthCheck.cs(208,1): error SA1516: Elements should be separated by blank line (https://github.com/DotNetAnalyzers/StyleCopAnalyzers/blob/master/documentation/SA1516.md) [/home/rrj/src/github/rudironsoni/Synaxis/src/Synaxis.Api/Synaxis.Api.csproj]
/home/rrj/src/github/rudironsoni/Synaxis/src/Synaxis.Api/Health/Layers/BusinessHealthCheck.cs(209,1): error SA1516: Elements should be separated by blank line (https://github.com/DotNetAnalyzers/StyleCopAnalyzers/blob/master/documentation/SA1516.md) [/home/rrj/src/github/rudironsoni/Synaxis/src/Synaxis.Api/Synaxis.Api.csproj]
/home/rrj/src/github/rudironsoni/Synaxis/src/Synaxis.Api/Health/Layers/BusinessHealthCheck.cs(210,1): error SA1516: Elements should be separated by blank line (https://github.com/DotNetAnalyzers/StyleCopAnalyzers/blob/master/documentation/SA1516.md) [/home/rrj/src/github/rudironsoni/Synaxis/src/Synaxis.Api/Synaxis.Api.csproj]
/home/rrj/src/github/rudironsoni/Synaxis/src/Synaxis.Api/Health/Layers/InfrastructureHealthCheck.cs(23,9): error SA1101: Prefix local calls with this (https://github.com/DotNetAnalyzers/StyleCopAnalyzers/blob/master/documentation/SA1101.md) [/home/rrj/src/github/rudironsoni/Synaxis/src/Synaxis.Api/Synaxis.Api.csproj]
/home/rrj/src/github/rudironsoni/Synaxis/src/Synaxis.Api/Health/Layers/InfrastructureHealthCheck.cs(24,9): error SA1101: Prefix local calls with this (https://github.com/DotNetAnalyzers/StyleCopAnalyzers/blob/master/documentation/SA1101.md) [/home/rrj/src/github/rudironsoni/Synaxis/src/Synaxis.Api/Synaxis.Api.csproj]
/home/rrj/src/github/rudironsoni/Synaxis/src/Synaxis.Api/Health/Layers/ApplicationHealthCheck.cs(24,9): error SA1101: Prefix local calls with this (https://github.com/DotNetAnalyzers/StyleCopAnalyzers/blob/master/documentation/SA1101.md) [/home/rrj/src/github/rudironsoni/Synaxis/src/Synaxis.Api/Synaxis.Api.csproj]
/home/rrj/src/github/rudironsoni/Synaxis/src/Synaxis.Api/Health/Layers/ApplicationHealthCheck.cs(25,9): error SA1101: Prefix local calls with this (https://github.com/DotNetAnalyzers/StyleCopAnalyzers/blob/master/documentation/SA1101.md) [/home/rrj/src/github/rudironsoni/Synaxis/src/Synaxis.Api/Synaxis.Api.csproj]
/home/rrj/src/github/rudironsoni/Synaxis/src/Synaxis.Api/Health/Layers/ApplicationHealthCheck.cs(28,36): error MA0051: Method is too long (75 lines; maximum allowed: 60) (https://github.com/meziantou/Meziantou.Analyzer/blob/main/docs/Rules/MA0051.md) [/home/rrj/src/github/rudironsoni/Synaxis/src/Synaxis.Api/Synaxis.Api.csproj]
/home/rrj/src/github/rudironsoni/Synaxis/src/Synaxis.Api/Health/Layers/ApplicationHealthCheck.cs(108,112): error S2325: Make 'CheckThreadPool' a static method. (https://rules.sonarsource.com/csharp/RSPEC-2325) [/home/rrj/src/github/rudironsoni/Synaxis/src/Synaxis.Api/Synaxis.Api.csproj]
/home/rrj/src/github/rudironsoni/Synaxis/src/Synaxis.Api/Health/Layers/ApplicationHealthCheck.cs(116,119): error S2325: Make 'CheckGarbageCollection' a static method. (https://rules.sonarsource.com/csharp/RSPEC-2325) [/home/rrj/src/github/rudironsoni/Synaxis/src/Synaxis.Api/Synaxis.Api.csproj]
/home/rrj/src/github/rudironsoni/Synaxis/src/Synaxis.Api/Health/Layers/ApplicationHealthCheck.cs(129,126): error S2325: Make 'CheckProcess' a static method. (https://rules.sonarsource.com/csharp/RSPEC-2325) [/home/rrj/src/github/rudironsoni/Synaxis/src/Synaxis.Api/Synaxis.Api.csproj]
/home/rrj/src/github/rudironsoni/Synaxis/src/Synaxis.Api/Health/Layers/BusinessHealthCheck.cs(23,9): error SA1101: Prefix local calls with this (https://github.com/DotNetAnalyzers/StyleCopAnalyzers/blob/master/documentation/SA1101.md) [/home/rrj/src/github/rudironsoni/Synaxis/src/Synaxis.Api/Synaxis.Api.csproj]
/home/rrj/src/github/rudironsoni/Synaxis/src/Synaxis.Api/Health/Layers/BusinessHealthCheck.cs(24,9): error SA1101: Prefix local calls with this (https://github.com/DotNetAnalyzers/StyleCopAnalyzers/blob/master/documentation/SA1101.md) [/home/rrj/src/github/rudironsoni/Synaxis/src/Synaxis.Api/Synaxis.Api.csproj]
/home/rrj/src/github/rudironsoni/Synaxis/src/Synaxis.Api/Health/Layers/ApplicationHealthCheck.cs(38,34): error SA1101: Prefix local calls with this (https://github.com/DotNetAnalyzers/StyleCopAnalyzers/blob/master/documentation/SA1101.md) [/home/rrj/src/github/rudironsoni/Synaxis/src/Synaxis.Api/Synaxis.Api.csproj]
/home/rrj/src/github/rudironsoni/Synaxis/src/Synaxis.Api/Health/Layers/ApplicationHealthCheck.cs(50,26): error SA1101: Prefix local calls with this (https://github.com/DotNetAnalyzers/StyleCopAnalyzers/blob/master/documentation/SA1101.md) [/home/rrj/src/github/rudironsoni/Synaxis/src/Synaxis.Api/Synaxis.Api.csproj]
/home/rrj/src/github/rudironsoni/Synaxis/src/Synaxis.Api/Health/Layers/ApplicationHealthCheck.cs(63,31): error SA1101: Prefix local calls with this (https://github.com/DotNetAnalyzers/StyleCopAnalyzers/blob/master/documentation/SA1101.md) [/home/rrj/src/github/rudironsoni/Synaxis/src/Synaxis.Api/Synaxis.Api.csproj]
/home/rrj/src/github/rudironsoni/Synaxis/src/Synaxis.Api/Health/Layers/ApplicationHealthCheck.cs(91,17): error SA1101: Prefix local calls with this (https://github.com/DotNetAnalyzers/StyleCopAnalyzers/blob/master/documentation/SA1101.md) [/home/rrj/src/github/rudironsoni/Synaxis/src/Synaxis.Api/Synaxis.Api.csproj]
/home/rrj/src/github/rudironsoni/Synaxis/src/Synaxis.Api/Health/Layers/ApplicationHealthCheck.cs(98,13): error SA1101: Prefix local calls with this (https://github.com/DotNetAnalyzers/StyleCopAnalyzers/blob/master/documentation/SA1101.md) [/home/rrj/src/github/rudironsoni/Synaxis/src/Synaxis.Api/Synaxis.Api.csproj]
/home/rrj/src/github/rudironsoni/Synaxis/src/Synaxis.Api/Health/Layers/ApplicationHealthCheck.cs(103,13): error SA1101: Prefix local calls with this (https://github.com/DotNetAnalyzers/StyleCopAnalyzers/blob/master/documentation/SA1101.md) [/home/rrj/src/github/rudironsoni/Synaxis/src/Synaxis.Api/Synaxis.Api.csproj]
/home/rrj/src/github/rudironsoni/Synaxis/src/Synaxis.Api/Health/Layers/InfrastructureHealthCheck.cs(98,20): error S2325: Make 'CheckDiskSpace' a static method. (https://rules.sonarsource.com/csharp/RSPEC-2325) [/home/rrj/src/github/rudironsoni/Synaxis/src/Synaxis.Api/Synaxis.Api.csproj]
/home/rrj/src/github/rudironsoni/Synaxis/src/Synaxis.Api/Health/Layers/BusinessHealthCheck.cs(27,36): error MA0051: Method is too long (82 lines; maximum allowed: 60) (https://github.com/meziantou/Meziantou.Analyzer/blob/main/docs/Rules/MA0051.md) [/home/rrj/src/github/rudironsoni/Synaxis/src/Synaxis.Api/Synaxis.Api.csproj]
/home/rrj/src/github/rudironsoni/Synaxis/src/Synaxis.Api/Health/Layers/ApplicationHealthCheck.cs(35,24): error MA0002: Use an overload that has a IEqualityComparer<string> or IComparer<string> parameter (https://github.com/meziantou/Meziantou.Analyzer/blob/main/docs/Rules/MA0002.md) [/home/rrj/src/github/rudironsoni/Synaxis/src/Synaxis.Api/Synaxis.Api.csproj]
/home/rrj/src/github/rudironsoni/Synaxis/src/Synaxis.Api/Health/Layers/InfrastructureHealthCheck.cs(27,42): error MA0051: Method is too long (66 lines; maximum allowed: 60) (https://github.com/meziantou/Meziantou.Analyzer/blob/main/docs/Rules/MA0051.md) [/home/rrj/src/github/rudironsoni/Synaxis/src/Synaxis.Api/Synaxis.Api.csproj]
/home/rrj/src/github/rudironsoni/Synaxis/src/Synaxis.Api/Health/Layers/BusinessHealthCheck.cs(37,34): error SA1101: Prefix local calls with this (https://github.com/DotNetAnalyzers/StyleCopAnalyzers/blob/master/documentation/SA1101.md) [/home/rrj/src/github/rudironsoni/Synaxis/src/Synaxis.Api/Synaxis.Api.csproj]
/home/rrj/src/github/rudironsoni/Synaxis/src/Synaxis.Api/Health/Layers/BusinessHealthCheck.cs(90,17): error SA1101: Prefix local calls with this (https://github.com/DotNetAnalyzers/StyleCopAnalyzers/blob/master/documentation/SA1101.md) [/home/rrj/src/github/rudironsoni/Synaxis/src/Synaxis.Api/Synaxis.Api.csproj]
/home/rrj/src/github/rudironsoni/Synaxis/src/Synaxis.Api/Health/Layers/BusinessHealthCheck.cs(97,17): error SA1101: Prefix local calls with this (https://github.com/DotNetAnalyzers/StyleCopAnalyzers/blob/master/documentation/SA1101.md) [/home/rrj/src/github/rudironsoni/Synaxis/src/Synaxis.Api/Synaxis.Api.csproj]
/home/rrj/src/github/rudironsoni/Synaxis/src/Synaxis.Api/Health/Layers/BusinessHealthCheck.cs(104,13): error SA1101: Prefix local calls with this (https://github.com/DotNetAnalyzers/StyleCopAnalyzers/blob/master/documentation/SA1101.md) [/home/rrj/src/github/rudironsoni/Synaxis/src/Synaxis.Api/Synaxis.Api.csproj]
/home/rrj/src/github/rudironsoni/Synaxis/src/Synaxis.Api/Health/Layers/BusinessHealthCheck.cs(109,13): error SA1101: Prefix local calls with this (https://github.com/DotNetAnalyzers/StyleCopAnalyzers/blob/master/documentation/SA1101.md) [/home/rrj/src/github/rudironsoni/Synaxis/src/Synaxis.Api/Synaxis.Api.csproj]
/home/rrj/src/github/rudironsoni/Synaxis/src/Synaxis.Api/Health/Layers/InfrastructureHealthCheck.cs(37,28): error SA1101: Prefix local calls with this (https://github.com/DotNetAnalyzers/StyleCopAnalyzers/blob/master/documentation/SA1101.md) [/home/rrj/src/github/rudironsoni/Synaxis/src/Synaxis.Api/Synaxis.Api.csproj]
/home/rrj/src/github/rudironsoni/Synaxis/src/Synaxis.Api/Health/Layers/InfrastructureHealthCheck.cs(45,30): error SA1101: Prefix local calls with this (https://github.com/DotNetAnalyzers/StyleCopAnalyzers/blob/master/documentation/SA1101.md) [/home/rrj/src/github/rudironsoni/Synaxis/src/Synaxis.Api/Synaxis.Api.csproj]
/home/rrj/src/github/rudironsoni/Synaxis/src/Synaxis.Api/Health/Layers/InfrastructureHealthCheck.cs(53,27): error SA1101: Prefix local calls with this (https://github.com/DotNetAnalyzers/StyleCopAnalyzers/blob/master/documentation/SA1101.md) [/home/rrj/src/github/rudironsoni/Synaxis/src/Synaxis.Api/Synaxis.Api.csproj]
/home/rrj/src/github/rudironsoni/Synaxis/src/Synaxis.Api/Health/Layers/InfrastructureHealthCheck.cs(61,35): error SA1101: Prefix local calls with this (https://github.com/DotNetAnalyzers/StyleCopAnalyzers/blob/master/documentation/SA1101.md) [/home/rrj/src/github/rudironsoni/Synaxis/src/Synaxis.Api/Synaxis.Api.csproj]
/home/rrj/src/github/rudironsoni/Synaxis/src/Synaxis.Api/Health/Layers/InfrastructureHealthCheck.cs(81,17): error SA1101: Prefix local calls with this (https://github.com/DotNetAnalyzers/StyleCopAnalyzers/blob/master/documentation/SA1101.md) [/home/rrj/src/github/rudironsoni/Synaxis/src/Synaxis.Api/Synaxis.Api.csproj]
/home/rrj/src/github/rudironsoni/Synaxis/src/Synaxis.Api/Health/Layers/InfrastructureHealthCheck.cs(88,13): error SA1101: Prefix local calls with this (https://github.com/DotNetAnalyzers/StyleCopAnalyzers/blob/master/documentation/SA1101.md) [/home/rrj/src/github/rudironsoni/Synaxis/src/Synaxis.Api/Synaxis.Api.csproj]
/home/rrj/src/github/rudironsoni/Synaxis/src/Synaxis.Api/Health/Layers/InfrastructureHealthCheck.cs(93,13): error SA1101: Prefix local calls with this (https://github.com/DotNetAnalyzers/StyleCopAnalyzers/blob/master/documentation/SA1101.md) [/home/rrj/src/github/rudironsoni/Synaxis/src/Synaxis.Api/Synaxis.Api.csproj]
/home/rrj/src/github/rudironsoni/Synaxis/src/Synaxis.Api/Health/Layers/BusinessHealthCheck.cs(34,24): error MA0002: Use an overload that has a IEqualityComparer<string> or IComparer<string> parameter (https://github.com/meziantou/Meziantou.Analyzer/blob/main/docs/Rules/MA0002.md) [/home/rrj/src/github/rudironsoni/Synaxis/src/Synaxis.Api/Synaxis.Api.csproj]
/home/rrj/src/github/rudironsoni/Synaxis/src/Synaxis.Api/Health/Layers/InfrastructureHealthCheck.cs(116,20): error S2325: Make 'CheckMemory' a static method. (https://rules.sonarsource.com/csharp/RSPEC-2325) [/home/rrj/src/github/rudironsoni/Synaxis/src/Synaxis.Api/Synaxis.Api.csproj]
/home/rrj/src/github/rudironsoni/Synaxis/src/Synaxis.Api/Health/Layers/InfrastructureHealthCheck.cs(34,24): error MA0002: Use an overload that has a IEqualityComparer<string> or IComparer<string> parameter (https://github.com/meziantou/Meziantou.Analyzer/blob/main/docs/Rules/MA0002.md) [/home/rrj/src/github/rudironsoni/Synaxis/src/Synaxis.Api/Synaxis.Api.csproj]
/home/rrj/src/github/rudironsoni/Synaxis/src/Synaxis.Api/Health/Layers/BusinessHealthCheck.cs(129,15): error SA1101: Prefix local calls with this (https://github.com/DotNetAnalyzers/StyleCopAnalyzers/blob/master/documentation/SA1101.md) [/home/rrj/src/github/rudironsoni/Synaxis/src/Synaxis.Api/Synaxis.Api.csproj]
/home/rrj/src/github/rudironsoni/Synaxis/src/Synaxis.Api/Health/Layers/BusinessHealthCheck.cs(131,13): error SA1101: Prefix local calls with this (https://github.com/DotNetAnalyzers/StyleCopAnalyzers/blob/master/documentation/SA1101.md) [/home/rrj/src/github/rudironsoni/Synaxis/src/Synaxis.Api/Synaxis.Api.csproj]
/home/rrj/src/github/rudironsoni/Synaxis/src/Synaxis.Api/Health/Layers/BusinessHealthCheck.cs(134,17): error SA1101: Prefix local calls with this (https://github.com/DotNetAnalyzers/StyleCopAnalyzers/blob/master/documentation/SA1101.md) [/home/rrj/src/github/rudironsoni/Synaxis/src/Synaxis.Api/Synaxis.Api.csproj]
/home/rrj/src/github/rudironsoni/Synaxis/src/Synaxis.Api/Health/Layers/BusinessHealthCheck.cs(138,17): error SA1101: Prefix local calls with this (https://github.com/DotNetAnalyzers/StyleCopAnalyzers/blob/master/documentation/SA1101.md) [/home/rrj/src/github/rudironsoni/Synaxis/src/Synaxis.Api/Synaxis.Api.csproj]
/home/rrj/src/github/rudironsoni/Synaxis/src/Synaxis.Api/Health/Layers/BusinessHealthCheck.cs(141,13): error SA1101: Prefix local calls with this (https://github.com/DotNetAnalyzers/StyleCopAnalyzers/blob/master/documentation/SA1101.md) [/home/rrj/src/github/rudironsoni/Synaxis/src/Synaxis.Api/Synaxis.Api.csproj]
/home/rrj/src/github/rudironsoni/Synaxis/src/Synaxis.Api/Health/Layers/BusinessHealthCheck.cs(144,36): error SA1101: Prefix local calls with this (https://github.com/DotNetAnalyzers/StyleCopAnalyzers/blob/master/documentation/SA1101.md) [/home/rrj/src/github/rudironsoni/Synaxis/src/Synaxis.Api/Synaxis.Api.csproj]
/home/rrj/src/github/rudironsoni/Synaxis/src/Synaxis.Api/Health/Layers/BusinessHealthCheck.cs(146,17): error SA1101: Prefix local calls with this (https://github.com/DotNetAnalyzers/StyleCopAnalyzers/blob/master/documentation/SA1101.md) [/home/rrj/src/github/rudironsoni/Synaxis/src/Synaxis.Api/Synaxis.Api.csproj]
/home/rrj/src/github/rudironsoni/Synaxis/src/Synaxis.Api/Health/Layers/InfrastructureHealthCheck.cs(133,20): error S2325: Make 'CheckCpu' a static method. (https://rules.sonarsource.com/csharp/RSPEC-2325) [/home/rrj/src/github/rudironsoni/Synaxis/src/Synaxis.Api/Synaxis.Api.csproj]
/home/rrj/src/github/rudironsoni/Synaxis/src/Synaxis.Api/Health/Layers/BusinessHealthCheck.cs(176,17): error SA1413: Use trailing comma in multi-line initializers (https://github.com/DotNetAnalyzers/StyleCopAnalyzers/blob/master/documentation/SA1413.md) [/home/rrj/src/github/rudironsoni/Synaxis/src/Synaxis.Api/Synaxis.Api.csproj]
/home/rrj/src/github/rudironsoni/Synaxis/src/Synaxis.Api/Health/Layers/BusinessHealthCheck.cs(153,15): error SA1101: Prefix local calls with this (https://github.com/DotNetAnalyzers/StyleCopAnalyzers/blob/master/documentation/SA1101.md) [/home/rrj/src/github/rudironsoni/Synaxis/src/Synaxis.Api/Synaxis.Api.csproj]
/home/rrj/src/github/rudironsoni/Synaxis/src/Synaxis.Api/Health/Layers/BusinessHealthCheck.cs(155,31): error SA1101: Prefix local calls with this (https://github.com/DotNetAnalyzers/StyleCopAnalyzers/blob/master/documentation/SA1101.md) [/home/rrj/src/github/rudironsoni/Synaxis/src/Synaxis.Api/Synaxis.Api.csproj]
/home/rrj/src/github/rudironsoni/Synaxis/src/Synaxis.Api/Health/Layers/BusinessHealthCheck.cs(156,31): error SA1101: Prefix local calls with this (https://github.com/DotNetAnalyzers/StyleCopAnalyzers/blob/master/documentation/SA1101.md) [/home/rrj/src/github/rudironsoni/Synaxis/src/Synaxis.Api/Synaxis.Api.csproj]
/home/rrj/src/github/rudironsoni/Synaxis/src/Synaxis.Api/Health/Layers/BusinessHealthCheck.cs(156,60): error SA1101: Prefix local calls with this (https://github.com/DotNetAnalyzers/StyleCopAnalyzers/blob/master/documentation/SA1101.md) [/home/rrj/src/github/rudironsoni/Synaxis/src/Synaxis.Api/Synaxis.Api.csproj]
/home/rrj/src/github/rudironsoni/Synaxis/src/Synaxis.Api/Health/Layers/BusinessHealthCheck.cs(156,82): error SA1101: Prefix local calls with this (https://github.com/DotNetAnalyzers/StyleCopAnalyzers/blob/master/documentation/SA1101.md) [/home/rrj/src/github/rudironsoni/Synaxis/src/Synaxis.Api/Synaxis.Api.csproj]
/home/rrj/src/github/rudironsoni/Synaxis/src/Synaxis.Api/Health/Layers/BusinessHealthCheck.cs(157,29): error SA1101: Prefix local calls with this (https://github.com/DotNetAnalyzers/StyleCopAnalyzers/blob/master/documentation/SA1101.md) [/home/rrj/src/github/rudironsoni/Synaxis/src/Synaxis.Api/Synaxis.Api.csproj]
/home/rrj/src/github/rudironsoni/Synaxis/src/Synaxis.Api/Health/Layers/BusinessHealthCheck.cs(157,58): error SA1101: Prefix local calls with this (https://github.com/DotNetAnalyzers/StyleCopAnalyzers/blob/master/documentation/SA1101.md) [/home/rrj/src/github/rudironsoni/Synaxis/src/Synaxis.Api/Synaxis.Api.csproj]
/home/rrj/src/github/rudironsoni/Synaxis/src/Synaxis.Api/Health/Layers/BusinessHealthCheck.cs(157,76): error SA1101: Prefix local calls with this (https://github.com/DotNetAnalyzers/StyleCopAnalyzers/blob/master/documentation/SA1101.md) [/home/rrj/src/github/rudironsoni/Synaxis/src/Synaxis.Api/Synaxis.Api.csproj]
/home/rrj/src/github/rudironsoni/Synaxis/src/Synaxis.Api/Health/Layers/BusinessHealthCheck.cs(158,35): error SA1101: Prefix local calls with this (https://github.com/DotNetAnalyzers/StyleCopAnalyzers/blob/master/documentation/SA1101.md) [/home/rrj/src/github/rudironsoni/Synaxis/src/Synaxis.Api/Synaxis.Api.csproj]
/home/rrj/src/github/rudironsoni/Synaxis/src/Synaxis.Api/Health/Layers/BusinessHealthCheck.cs(158,62): error SA1101: Prefix local calls with this (https://github.com/DotNetAnalyzers/StyleCopAnalyzers/blob/master/documentation/SA1101.md) [/home/rrj/src/github/rudironsoni/Synaxis/src/Synaxis.Api/Synaxis.Api.csproj]
/home/rrj/src/github/rudironsoni/Synaxis/src/Synaxis.Api/Health/Layers/BusinessHealthCheck.cs(159,23): error SA1101: Prefix local calls with this (https://github.com/DotNetAnalyzers/StyleCopAnalyzers/blob/master/documentation/SA1101.md) [/home/rrj/src/github/rudironsoni/Synaxis/src/Synaxis.Api/Synaxis.Api.csproj]
/home/rrj/src/github/rudironsoni/Synaxis/src/Synaxis.Api/Health/Layers/BusinessHealthCheck.cs(160,23): error SA1101: Prefix local calls with this (https://github.com/DotNetAnalyzers/StyleCopAnalyzers/blob/master/documentation/SA1101.md) [/home/rrj/src/github/rudironsoni/Synaxis/src/Synaxis.Api/Synaxis.Api.csproj]
/home/rrj/src/github/rudironsoni/Synaxis/src/Synaxis.Api/Health/Layers/BusinessHealthCheck.cs(161,23): error SA1101: Prefix local calls with this (https://github.com/DotNetAnalyzers/StyleCopAnalyzers/blob/master/documentation/SA1101.md) [/home/rrj/src/github/rudironsoni/Synaxis/src/Synaxis.Api/Synaxis.Api.csproj]
/home/rrj/src/github/rudironsoni/Synaxis/src/Synaxis.Api/Health/Layers/BusinessHealthCheck.cs(162,53): error SA1101: Prefix local calls with this (https://github.com/DotNetAnalyzers/StyleCopAnalyzers/blob/master/documentation/SA1101.md) [/home/rrj/src/github/rudironsoni/Synaxis/src/Synaxis.Api/Synaxis.Api.csproj]
/home/rrj/src/github/rudironsoni/Synaxis/src/Synaxis.Api/Health/Layers/BusinessHealthCheck.cs(163,44): error SA1101: Prefix local calls with this (https://github.com/DotNetAnalyzers/StyleCopAnalyzers/blob/master/documentation/SA1101.md) [/home/rrj/src/github/rudironsoni/Synaxis/src/Synaxis.Api/Synaxis.Api.csproj]
/home/rrj/src/github/rudironsoni/Synaxis/src/Synaxis.Api/Health/Layers/BusinessHealthCheck.cs(167,33): error SA1101: Prefix local calls with this (https://github.com/DotNetAnalyzers/StyleCopAnalyzers/blob/master/documentation/SA1101.md) [/home/rrj/src/github/rudironsoni/Synaxis/src/Synaxis.Api/Synaxis.Api.csproj]
/home/rrj/src/github/rudironsoni/Synaxis/src/Synaxis.Api/Health/Layers/BusinessHealthCheck.cs(168,38): error SA1101: Prefix local calls with this (https://github.com/DotNetAnalyzers/StyleCopAnalyzers/blob/master/documentation/SA1101.md) [/home/rrj/src/github/rudironsoni/Synaxis/src/Synaxis.Api/Synaxis.Api.csproj]
/home/rrj/src/github/rudironsoni/Synaxis/src/Synaxis.Api/Health/Layers/BusinessHealthCheck.cs(169,34): error SA1101: Prefix local calls with this (https://github.com/DotNetAnalyzers/StyleCopAnalyzers/blob/master/documentation/SA1101.md) [/home/rrj/src/github/rudironsoni/Synaxis/src/Synaxis.Api/Synaxis.Api.csproj]
/home/rrj/src/github/rudironsoni/Synaxis/src/Synaxis.Api/Health/Layers/BusinessHealthCheck.cs(181,20): error S2325: Make 'GetPercentile' a static method. (https://rules.sonarsource.com/csharp/RSPEC-2325) [/home/rrj/src/github/rudironsoni/Synaxis/src/Synaxis.Api/Synaxis.Api.csproj]
/home/rrj/src/github/rudironsoni/Synaxis/src/Synaxis.Api/Health/Layers/BusinessHealthCheck.cs(183,38): error SA1503: Braces should not be omitted (https://github.com/DotNetAnalyzers/StyleCopAnalyzers/blob/master/documentation/SA1503.md) [/home/rrj/src/github/rudironsoni/Synaxis/src/Synaxis.Api/Synaxis.Api.csproj]
/home/rrj/src/github/rudironsoni/Synaxis/src/Synaxis.Api/Health/Layers/BusinessHealthCheck.cs(191,9): error SA1101: Prefix local calls with this (https://github.com/DotNetAnalyzers/StyleCopAnalyzers/blob/master/documentation/SA1101.md) [/home/rrj/src/github/rudironsoni/Synaxis/src/Synaxis.Api/Synaxis.Api.csproj]
/home/rrj/src/github/rudironsoni/Synaxis/src/Synaxis.Api/Health/Layers/BusinessHealthCheck.cs(192,9): error SA1101: Prefix local calls with this (https://github.com/DotNetAnalyzers/StyleCopAnalyzers/blob/master/documentation/SA1101.md) [/home/rrj/src/github/rudironsoni/Synaxis/src/Synaxis.Api/Synaxis.Api.csproj]
/home/rrj/src/github/rudironsoni/Synaxis/src/Synaxis.Api/Health/Layers/BusinessHealthCheck.cs(193,9): error SA1101: Prefix local calls with this (https://github.com/DotNetAnalyzers/StyleCopAnalyzers/blob/master/documentation/SA1101.md) [/home/rrj/src/github/rudironsoni/Synaxis/src/Synaxis.Api/Synaxis.Api.csproj]
/home/rrj/src/github/rudironsoni/Synaxis/src/Synaxis.Api/Health/Layers/BusinessHealthCheck.cs(194,9): error SA1101: Prefix local calls with this (https://github.com/DotNetAnalyzers/StyleCopAnalyzers/blob/master/documentation/SA1101.md) [/home/rrj/src/github/rudironsoni/Synaxis/src/Synaxis.Api/Synaxis.Api.csproj]
/home/rrj/src/github/rudironsoni/Synaxis/src/Synaxis.Api/Health/Layers/BusinessHealthCheck.cs(195,9): error SA1101: Prefix local calls with this (https://github.com/DotNetAnalyzers/StyleCopAnalyzers/blob/master/documentation/SA1101.md) [/home/rrj/src/github/rudironsoni/Synaxis/src/Synaxis.Api/Synaxis.Api.csproj]
/home/rrj/src/github/rudironsoni/Synaxis/src/Synaxis.Api/Health/Layers/BusinessHealthCheck.cs(120,29): error MA0158: Use System.Threading.Lock (https://github.com/meziantou/Meziantou.Analyzer/blob/main/docs/Rules/MA0158.md) [/home/rrj/src/github/rudironsoni/Synaxis/src/Synaxis.Api/Synaxis.Api.csproj]
    0 Warning(s)
    110 Error(s)

Time Elapsed 00:00:15.71
